INFO: Running with entropic power schedule (0xFF, 100).
INFO: Seed: 2235441877
MERGE-OUTER: 61 files, 0 in the initial corpus, 0 processed earlier
MERGE-OUTER: attempt 1
INFO: Running with entropic power schedule (0xFF, 100).
INFO: Seed: 2235450367
INFO: -max_len is not provided; libFuzzer will not generate inputs larger than 1048576 bytes
MERGE-INNER: using the control file '/tmp/libFuzzerTemp.Merge734.txt'
MERGE-INNER: 61 total files; 0 processed earlier; will process 61 files now
#1	pulse  exec/s: 0 rss: 28Mb
#2	pulse  exec/s: 0 rss: 28Mb
#4	pulse  exec/s: 0 rss: 28Mb
#8	pulse  exec/s: 0 rss: 28Mb
#16	pulse  exec/s: 0 rss: 28Mb
#32	pulse  exec/s: 0 rss: 28Mb
#61	DONE   exec/s: 0 rss: 28Mb
MERGE-OUTER: successful in 1 attempt(s)
MERGE-OUTER: the control file has 8337 bytes
MERGE-OUTER: consumed 0Mb (28Mb rss) to parse the control file
MERGE-OUTER: 0 new files with 0 new features added; 0 new coverage edges
