INFO: Running with entropic power schedule (0xFF, 100).
INFO: Seed: 2795870175
MERGE-OUTER: 1237 files, 0 in the initial corpus, 0 processed earlier
MERGE-OUTER: attempt 1
INFO: Running with entropic power schedule (0xFF, 100).
INFO: Seed: 2795886124
INFO: -max_len is not provided; libFuzzer will not generate inputs larger than 1048576 bytes
MERGE-INNER: using the control file '/tmp/libFuzzerTemp.Merge733.txt'
MERGE-INNER: 1237 total files; 0 processed earlier; will process 1237 files now
#1	pulse  exec/s: 0 rss: 29Mb
#2	pulse  exec/s: 0 rss: 29Mb
#4	pulse  exec/s: 0 rss: 29Mb
#8	pulse  exec/s: 0 rss: 29Mb
#16	pulse  exec/s: 0 rss: 29Mb
#32	pulse  exec/s: 0 rss: 29Mb
#64	pulse  exec/s: 0 rss: 29Mb
#128	pulse  exec/s: 0 rss: 29Mb
#256	pulse  exec/s: 0 rss: 29Mb
#512	pulse  exec/s: 0 rss: 29Mb
#1024	pulse  exec/s: 1024 rss: 30Mb
#1237	DONE   exec/s: 206 rss: 30Mb
MERGE-OUTER: successful in 1 attempt(s)
MERGE-OUTER: the control file has 161236 bytes
MERGE-OUTER: consumed 0Mb (28Mb rss) to parse the control file
MERGE-OUTER: 0 new files with 0 new features added; 0 new coverage edges
